[value-criteria-grounded k3]
[tension benefit-undermined c1 deep-work slackrule]
[tension uniform-rule-vs-exception hrguides newoffice]
[tension subgroup-rule-conflicts-with-policy c1 newoffice new-employees]
[mitigation-needs-equivalence-check alternatives equitygap]
[overclaim necessity-counterfactual k3 quitrisk]
[plan-status p1 needs-reconciliation]
