[contradiction required-protection-denied c1 no-separate-benefit equivalent-transit-benefit]
[contradiction prohibited-action-required c1 triptracking idscan]
[tension identical-treatment-vs-equitable-treatment fairness]
[tension identical-treatment-vs-equitable-treatment same-transit-pass protectedaccess]
[tension benefit-undermined c1 protectedgroups nontransitfair]
[overclaim necessity-counterfactual k1 parking-counterfactual]
[plan-status p1 needs-reconciliation]
