[contradiction equivalent-benefit-required-vs-denied transitgap]
[contradiction no-trip-tracking-vs-id-scan-verification privacy]
[tension identical-treatment-vs-equitable-treatment fairness]
[contradiction no-trip-tracking-vs-id-scan-verification idscan privacypreserved]
[tension equity-protection-undermined nontransitfair protectedgroups]
[tension fairness-definition-conflicts-with-policy-target nontransitfair transitpass]
[contradiction equivalent-benefit-required-vs-denied nontransitfair transitpass]
[overclaim necessity-counterfactual k1 parking-counterfactual]
[plan-status p1 needs-reconciliation]
