[extraction-contract-violation reduced-air-pollution]
[unclear-scope c1 location downtown]
[modality-mixed c1]
[unresolved-objection c1 o1]
[unresolved-objection c1 o2]
[mitigation-needs-sufficiency-check m1 o3]
[analogy-needs-comparability a1]
[popularity-weak-support p1-support c1]
[exception-boundary-needed e1]
[broad-ban-vs-exemptions c1 e1]
[plan-status p1 translation-error]
